// Jest Snapshot v1, https://goo.gl/fbAQLP

exports[`FeedbackRequestModal renders a Modal containing a CreateFeedbackRequestForm 1`] = `
<Modal
  className="responsive-modal"
  confirmLoading={false}
  destroyOnClose={true}
  footer={null}
  maskTransitionName="fade"
  okType="primary"
  onCancel={[Function]}
  title="New Feedback Request"
  transitionName="zoom"
  visible={true}
  width={520}
>
  <Form(UnwrappedCreateFeedbackRequestForm) />
</Modal>
`;
