// Jest Snapshot v1, https://goo.gl/fbAQLP

exports[`LoginModal renders a Modal containing a LoginForm 1`] = `
<Modal
  className="responsive-modal"
  confirmLoading={false}
  destroyOnClose={true}
  footer={null}
  maskTransitionName="fade"
  okType="primary"
  onCancel={[Function]}
  title="Sign In"
  transitionName="zoom"
  visible={true}
  width={520}
>
  <Form(UnwrappedLoginFormContainer) />
</Modal>
`;
